Microchip MPLAB XC8 Compiler V3.00

Linker command line:

-W-3 \
  --edf=C:\Program Files\Microchip\xc8\v3.00\pic\dat\20241204225717_en.msgs \
  -pivt0x4008=04008h -cn \
  -h+dist/default/production\A9_ADC_LCD.X.production.sym \
  --cmf=dist/default/production\A9_ADC_LCD.X.production.cmf -z -Q18F47K42 \
  -oC:\Users\chris\AppData\Local\Temp\xcAs2m8.\driver_tmp_3.o \
  --defsym=__MPLAB_BUILD=1 --fixupoverflow=error \
  -Mdist/default/production/A9_ADC_LCD.X.production.map \
  --md=C:\Users\chris\AppData\Local\Temp\xcAs2m8.\driver_tmp_0.dat -E1 \
  -ver=XC8 Compiler -ACODE=00h-01FFFFh -ACONST=00h-01FFFFh \
  -ASMALLCONST=02000h-020FFhx224,012000h-0120FFhx224 \
  -AMEDIUMCONST=02000h-0FFFFh,012000h-01FFFFh -ACOMRAM=01h-05Fh \
  -AABS1=00h-01FFFh -ABIGRAM=01h-01FFFh -ARAM=060h-0FFh,0100h-01FFhx31 \
  -ABANK0=060h-0FFh -ABANK1=0100h-01FFh -ABANK2=0200h-02FFh \
  -ABANK3=0300h-03FFh -ABANK4=0400h-04FFh -ABANK5=0500h-05FFh \
  -ABANK6=0600h-06FFh -ABANK7=0700h-07FFh -ABANK8=0800h-08FFh \
  -ABANK9=0900h-09FFh -ABANK10=0A00h-0AFFh -ABANK11=0B00h-0BFFh \
  -ABANK12=0C00h-0CFFh -ABANK13=0D00h-0DFFh -ABANK14=0E00h-0EFFh \
  -ABANK15=0F00h-0FFFh -ABANK16=01000h-010FFh -ABANK17=01100h-011FFh \
  -ABANK18=01200h-012FFh -ABANK19=01300h-013FFh -ABANK20=01400h-014FFh \
  -ABANK21=01500h-015FFh -ABANK22=01600h-016FFh -ABANK23=01700h-017FFh \
  -ABANK24=01800h-018FFh -ABANK25=01900h-019FFh -ABANK26=01A00h-01AFFh \
  -ABANK27=01B00h-01BFFh -ABANK28=01C00h-01CFFh -ABANK29=01D00h-01DFFh \
  -ABANK30=01E00h-01EFFh -ABANK31=01F00h-01FFFh \
  -ASFR=03800h-038FFhx7,03F00h-03F5Fh,03F60h-03FFFh -ABIGSFR=03800h-03FFFh \
  -ACONFIG=0300000h-0300009h -AIDLOC=0200000h-020000Fh \
  -AEEDATA=0310000h-03103FFh -peeprom_data=EEDATA -preset_vec=00h \
  -ppowerup=CODE,init -pramtop=02000h -psmallconst=SMALLCONST \
  -pmediumconst=MEDIUMCONST -pconst=CONST -AFARRAM=00h-00h \
  -prdata=COMRAM,nvrram=COMRAM,nvbit=COMRAM,rbss=COMRAM,rbit=COMRAM \
  -pfarbss=FARRAM,fardata=FARRAM,nvFARRAM=FARRAM \
  -pintsave_regs=BIGRAM,bigbss=BIGRAM,bigdata=BIGRAM -pbss=RAM \
  -pidata=CODE,irdata=CODE,ibigdata=CODE,ifardata=CODE -prparam=COMRAM \
  C:\Users\chris\AppData\Local\Temp\xcAs2m8.\driver_tmp_14.o \
  dist/default/production\A9_ADC_LCD.X.production.o 

Object code version is 3.11

Machine type is 18F47K42



                Name                               Link     Load   Length Selector   Space Scale
C:\Users\chris\AppData\Local\Temp\xcAs2m8.\driver_tmp_14.o
                config                           300000   300000        A        0       4
                init                               40AE     40AE        4     2004       0
                reset_vec                             0        0        4        0       0
dist/default/production\A9_ADC_LCD.X.production.o
                config                           300000   300000        A        0       4
                smallconst                         2000     2000       1C     1000       0
                ivt0x4008                          4008     4008       A6     2004       0
                text33                             6378     6378       72     18DE       0
                text32                             67B8     67B8       28     18DE       0
                text31                             67E0     67E0       24     18DE       0
                text30                             655C     655C       4A     18DE       0
                text29                             6822     6822       1E     18DE       0
                text28                             678E     678E       2A     18DE       0
                text27                             6804     6804       1E     18DE       0
                text26                             6304     6304       72     2004       0
                text25                             66B2     66B2       40     18DE       0
                text24                             5B2C     5B2C      1B4     2004       0
                text23                             535E     535E      390     2004       0
                text22                             625A     625A       AA     2004       0
                text21                             5DE6     5DE6      104     2004       0
                text20                             4F14     4F14      44A     2004       0
                text19                             672C     672C       38     18DE       0
                text18                             4A5E     4A5E      4B6     2004       0
                text17                             65A6     65A6       46     18DE       0
                text16                             5CE0     5CE0      106     2004       0
                text15                             5EEA     5EEA       FE     2004       0
                text14                             591A     591A      212     2004       0
                text13                             64B6     64B6       56     18DE       0
                text12                             6630     6630       42     18DE       0
                text11                             6840     6840        2     18DE       0
                text10                             60DC     60DC       C0     2004       0
                text9                              6672     6672       40     18DE       0
                text8                              63EA     63EA       6A     18DE       0
                text7                              66F2     66F2       3A     18DE       0
                text6                              40B2     40B2      9AC     2004       0
                text5                              619C     619C       BE     2004       0
                text4                              56EE     56EE      22C     2004       0
                text3                              650C     650C       50     18DE       0
                text2                              65EC     65EC       44     18DE       0
                text1                              6454     6454       62     18DE       0
                text0                              5FE8     5FE8       F4     2004       0
                cstackCOMRAM                          1        1       49        1       1
                cstackBANK0                          C2       C2       3C       60       1
                cstackBANK1                         100      100        C      100       1
                bssBANK0                             60       60       62       60       1
                bssCOMRAM                            4A       4A        B        1       1
                cinit                              6764     6764       2A     18DE       0

TOTAL           Name                               Link     Load   Length     Space
        CLASS   CODE           
                init                               40AE     40AE        4         0
                reset_vec                             0        0        4         0
                ivt0x4008                          4008     4008       A6         0
                text33                             6378     6378       72         0
                text32                             67B8     67B8       28         0
                text31                             67E0     67E0       24         0
                text30                             655C     655C       4A         0
                text29                             6822     6822       1E         0
                text28                             678E     678E       2A         0
                text27                             6804     6804       1E         0
                text26                             6304     6304       72         0
                text25                             66B2     66B2       40         0
                text24                             5B2C     5B2C      1B4         0
                text23                             535E     535E      390         0
                text22                             625A     625A       AA         0
                text21                             5DE6     5DE6      104         0
                text20                             4F14     4F14      44A         0
                text19                             672C     672C       38         0
                text18                             4A5E     4A5E      4B6         0
                text17                             65A6     65A6       46         0
                text16                             5CE0     5CE0      106         0
                text15                             5EEA     5EEA       FE         0
                text14                             591A     591A      212         0
                text13                             64B6     64B6       56         0
                text12                             6630     6630       42         0
                text11                             6840     6840        2         0
                text10                             60DC     60DC       C0         0
                text9                              6672     6672       40         0
                text8                              63EA     63EA       6A         0
                text7                              66F2     66F2       3A         0
                text6                              40B2     40B2      9AC         0
                text5                              619C     619C       BE         0
                text4                              56EE     56EE      22C         0
                text3                              650C     650C       50         0
                text2                              65EC     65EC       44         0
                text1                              6454     6454       62         0
                text0                              5FE8     5FE8       F4         0
                cinit                              6764     6764       2A         0

        CLASS   CONST          

        CLASS   SMALLCONST     
                smallconst                         2000     2000       1C         0

        CLASS   MEDIUMCONST    

        CLASS   COMRAM         
                cstackCOMRAM                          1        1       49         1
                bssCOMRAM                            4A       4A        B         1

        CLASS   ABS1           

        CLASS   BIGRAM         

        CLASS   RAM            

        CLASS   BANK0          
                cstackBANK0                          C2       C2       3C         1
                bssBANK0                             60       60       62         1

        CLASS   BANK1          
                cstackBANK1                         100      100        C         1

        CLASS   BANK2          

        CLASS   BANK3          

        CLASS   BANK4          

        CLASS   BANK5          

        CLASS   BANK6          

        CLASS   BANK7          

        CLASS   BANK8          

        CLASS   BANK9          

        CLASS   BANK10         

        CLASS   BANK11         

        CLASS   BANK12         

        CLASS   BANK13         

        CLASS   BANK14         

        CLASS   BANK15         

        CLASS   BANK16         

        CLASS   BANK17         

        CLASS   BANK18         

        CLASS   BANK19         

        CLASS   BANK20         

        CLASS   BANK21         

        CLASS   BANK22         

        CLASS   BANK23         

        CLASS   BANK24         

        CLASS   BANK25         

        CLASS   BANK26         

        CLASS   BANK27         

        CLASS   BANK28         

        CLASS   BANK29         

        CLASS   BANK30         

        CLASS   BANK31         

        CLASS   SFR            

        CLASS   BIGSFR         

        CLASS   CONFIG         
                config                           300000   300000        A         4

        CLASS   IDLOC          

        CLASS   EEDATA         

        CLASS   FARRAM         

        CLASS   HEAP           

        CLASS   STACK          



SEGMENTS        Name                           Load    Length   Top    Selector   Space  Class

                reset_vec                      000000  000004  000004         0       0  CODE    
                cstackCOMRAM                   000001  000054  000055         1       1  COMRAM  
                bssBANK0                       000060  00009E  0000FE        60       1  BANK0   
                cstackBANK1                    000100  00000C  00010C       100       1  BANK1   
                smallconst                     002000  00001C  00201C      1000       0  SMALLCON
                ivt0x4008                      004008  00236E  006376      2004       0  CODE    
                text33                         006378  0004CA  006842      18DE       0  CODE    


UNUSED ADDRESS RANGES

        Name                Unused          Largest block    Delta
        BANK0            0000FE-0000FF                2
        BANK1            00010C-0001FF               F4
        BANK10           000A00-000AFF              100
        BANK11           000B00-000BFF              100
        BANK12           000C00-000CFF              100
        BANK13           000D00-000DFF              100
        BANK14           000E00-000EFF              100
        BANK15           000F00-000FFF              100
        BANK16           001000-0010FF              100
        BANK17           001100-0011FF              100
        BANK18           001200-0012FF              100
        BANK19           001300-0013FF              100
        BANK2            000200-0002FF              100
        BANK20           001400-0014FF              100
        BANK21           001500-0015FF              100
        BANK22           001600-0016FF              100
        BANK23           001700-0017FF              100
        BANK24           001800-0018FF              100
        BANK25           001900-0019FF              100
        BANK26           001A00-001AFF              100
        BANK27           001B00-001BFF              100
        BANK28           001C00-001CFF              100
        BANK29           001D00-001DFF              100
        BANK3            000300-0003FF              100
        BANK30           001E00-001EFF              100
        BANK31           001F00-001FFF              100
        BANK4            000400-0004FF              100
        BANK5            000500-0005FF              100
        BANK6            000600-0006FF              100
        BANK7            000700-0007FF              100
        BANK8            000800-0008FF              100
        BANK9            000900-0009FF              100
        BIGRAM           000055-00005F                B
                         0000FE-0000FF                2
                         00010C-001FFF             1EF4
        BIGSFR           003800-003FFF              800
        CODE             000004-001FFF             1FFC
                         00201C-004007             1FEC
                         006376-006377                2
                         006842-01FFFF            197BE
        COMRAM           000055-00005F                B
        CONST            000004-001FFF             1FFC
                         00201C-004007             1FEC
                         006376-006377                2
                         006842-01FFFF            197BE
        EEDATA           310000-3103FF              400
        IDLOC            200000-20000F               10
        MEDIUMCONST      00201C-004007             1FEC
                         006376-006377                2
                         006842-00FFFF             97BE
                         012000-01FFFF             E000
        RAM              0000FE-0000FF                2
                         00010C-001FFF              100
        SFR              003800-003FFF              100
        SMALLCONST       00201C-004007              100
                         006376-006377                2
                         006842-00FFFF              100
                         012000-01FFFF              100

                                  Symbol Table

?___fladd                   cstackCOMRAM 000005
?___fldiv                   cstackCOMRAM 000005
?___flmul                   cstackCOMRAM 000013
?___flneg                   cstackCOMRAM 000005
?___flsub                   cstackCOMRAM 00002C
?___fltol                   cstackCOMRAM 000005
?___fpclassifyf             cstackCOMRAM 000005
?___xxtofl                  cstackCOMRAM 000005
?_floorf                    cstackCOMRAM 00001E
?_labs                      cstackCOMRAM 000005
?_read_prec_or_width        cstackCOMRAM 000005
?_sprintf                   cstackBANK0  0000F8
?_vfprintf                  cstackBANK0  0000F3
IOC_ISR@i                   cstackCOMRAM 000003
IVTBASEH                    (abs)        003FD6
IVTBASEL                    (abs)        003FD5
IVTBASEU                    (abs)        003FD7
LCD_Char@dat                cstackCOMRAM 00000B
LCD_Command@cmd             cstackCOMRAM 00000B
LCD_String@msg              cstackCOMRAM 00000C
LCD_String_xy@location      cstackCOMRAM 000012
LCD_String_xy@msg           cstackCOMRAM 00000F
LCD_String_xy@pos           cstackCOMRAM 00000E
LCD_String_xy@row           cstackCOMRAM 000011
MSdelay@i                   cstackCOMRAM 000007
MSdelay@j                   cstackCOMRAM 000009
MSdelay@val                 cstackCOMRAM 000005
_ADACQH                     (abs)        003EF4
_ADACQL                     (abs)        003EF3
_ADCLK                      (abs)        003EFF
_ADCON0bits                 (abs)        003EF8
_ADC_Init                   text32       0067B8
_ADPCH                      (abs)        003EF1
_ADPREH                     (abs)        003EF7
_ADPREL                     (abs)        003EF6
_ADRESH                     (abs)        003EF0
_ADRESL                     (abs)        003EEF
_ANSELAbits                 (abs)        003A40
_ANSELCbits                 (abs)        003A60
_INTCON0bits                (abs)        003FD2
_IOCC2_Init                 text31       0067E0
_IOCCFbits                  (abs)        003A67
_IOCCNbits                  (abs)        003A66
_IOCCPbits                  (abs)        003A65
_IOC_ISR                    text33       006378
_IVTBASEH                   (abs)        003FD6
_IVTBASEL                   (abs)        003FD5
_IVTBASEU                   (abs)        003FD7
_LATB                       (abs)        003FBB
_LATCbits                   (abs)        003FBC
_LATD0                      (abs)        01FDE8
_LATD1                      (abs)        01FDE9
_LCD_Char                   text27       006804
_LCD_Command                text29       006822
_LCD_Init                   text28       00678E
_LCD_String                 text26       006304
_LCD_String_xy              text25       0066B2
_MSdelay                    text30       00655C
_PIE0bits                   (abs)        003990
_PIR0bits                   (abs)        0039A0
_TRISAbits                  (abs)        003FC2
_TRISB                      (abs)        003FC3
_TRISCbits                  (abs)        003FC4
_TRISD                      (abs)        003FC5
_WPUCbits                   (abs)        003A61
__HRAM                      (abs)        000000
__H__absolute__             __absolute__ 000000
__Habs1                     abs1         000000
__Hbank0                    bank0        000000
__Hbank1                    bank1        000000
__Hbank10                   bank10       000000
__Hbank11                   bank11       000000
__Hbank12                   bank12       000000
__Hbank13                   bank13       000000
__Hbank14                   bank14       000000
__Hbank15                   bank15       000000
__Hbank16                   bank16       000000
__Hbank17                   bank17       000000
__Hbank18                   bank18       000000
__Hbank19                   bank19       000000
__Hbank2                    bank2        000000
__Hbank20                   bank20       000000
__Hbank21                   bank21       000000
__Hbank22                   bank22       000000
__Hbank23                   bank23       000000
__Hbank24                   bank24       000000
__Hbank25                   bank25       000000
__Hbank26                   bank26       000000
__Hbank27                   bank27       000000
__Hbank28                   bank28       000000
__Hbank29                   bank29       000000
__Hbank3                    bank3        000000
__Hbank30                   bank30       000000
__Hbank31                   bank31       000000
__Hbank4                    bank4        000000
__Hbank5                    bank5        000000
__Hbank6                    bank6        000000
__Hbank7                    bank7        000000
__Hbank8                    bank8        000000
__Hbank9                    bank9        000000
__Hbigbss                   bigbss       000000
__Hbigdata                  bigdata      000000
__Hbigram                   bigram       000000
__Hbigsfr                   bigsfr       000000
__Hbss                      bss          000000
__HbssBANK0                 bssBANK0     000000
__HbssCOMRAM                bssCOMRAM    000000
__Hcinit                    cinit        000000
__Hclrtext                  clrtext      000000
__Hcomram                   comram       000000
__Hconfig                   config       30000A
__Hconst                    const        000000
__HcstackBANK0              cstackBANK0  000000
__HcstackBANK1              cstackBANK1  000000
__HcstackCOMRAM             cstackCOMRAM 000000
__Hdata                     data         000000
__Heeprom_data              eeprom_data  000000
__Hfarbss                   farbss       000000
__Hfardata                  fardata      000000
__Hheap                     heap         000000
__Hibigdata                 ibigdata     000000
__Hidata                    idata        000000
__Hidloc                    idloc        000000
__Hifardata                 ifardata     000000
__Hinit                     init         0040B2
__Hintsave_regs             intsave_regs 000000
__Hirdata                   irdata       000000
__Hivt0x4008                ivt0x4008    0040AE
__Hmediumconst              mediumconst  000000
__HnvFARRAM                 nvFARRAM     000000
__Hnvbit                    nvbit        000000
__Hnvrram                   nvrram       000000
__Hparam                    rparam       000000
__Hpowerup                  powerup      000000
__Hram                      ram          000000
__Hramtop                   ramtop       002000
__Hrbit                     rbit         000000
__Hrbss                     rbss         000000
__Hrdata                    rdata        000000
__Hreset_vec                reset_vec    000004
__Hrparam                   rparam       000000
__Hsfr                      sfr          000000
__Hsmallconst               smallconst   00201C
__Hspace_0                  (abs)        006842
__Hspace_1                  (abs)        00010C
__Hspace_2                  (abs)        000000
__Hspace_4                  (abs)        60000A
__Hstack                    stack        000000
__Hstruct                   struct       000000
__Htemp                     temp         000000
__Htext                     text         000000
__Htext0                    text0        000000
__Htext1                    text1        000000
__Htext10                   text10       000000
__Htext11                   text11       000000
__Htext12                   text12       000000
__Htext13                   text13       000000
__Htext14                   text14       000000
__Htext15                   text15       000000
__Htext16                   text16       000000
__Htext17                   text17       000000
__Htext18                   text18       000000
__Htext19                   text19       000000
__Htext2                    text2        000000
__Htext20                   text20       000000
__Htext21                   text21       000000
__Htext22                   text22       000000
__Htext23                   text23       000000
__Htext24                   text24       000000
__Htext25                   text25       000000
__Htext26                   text26       000000
__Htext27                   text27       000000
__Htext28                   text28       000000
__Htext29                   text29       000000
__Htext3                    text3        000000
__Htext30                   text30       000000
__Htext31                   text31       000000
__Htext32                   text32       000000
__Htext33                   text33       000000
__Htext4                    text4        000000
__Htext5                    text5        000000
__Htext6                    text6        000000
__Htext7                    text7        000000
__Htext8                    text8        000000
__Htext9                    text9        000000
__LRAM                      (abs)        000001
__L__absolute__             __absolute__ 000000
__Labs1                     abs1         000000
__Lbank0                    bank0        000000
__Lbank1                    bank1        000000
__Lbank10                   bank10       000000
__Lbank11                   bank11       000000
__Lbank12                   bank12       000000
__Lbank13                   bank13       000000
__Lbank14                   bank14       000000
__Lbank15                   bank15       000000
__Lbank16                   bank16       000000
__Lbank17                   bank17       000000
__Lbank18                   bank18       000000
__Lbank19                   bank19       000000
__Lbank2                    bank2        000000
__Lbank20                   bank20       000000
__Lbank21                   bank21       000000
__Lbank22                   bank22       000000
__Lbank23                   bank23       000000
__Lbank24                   bank24       000000
__Lbank25                   bank25       000000
__Lbank26                   bank26       000000
__Lbank27                   bank27       000000
__Lbank28                   bank28       000000
__Lbank29                   bank29       000000
__Lbank3                    bank3        000000
__Lbank30                   bank30       000000
__Lbank31                   bank31       000000
__Lbank4                    bank4        000000
__Lbank5                    bank5        000000
__Lbank6                    bank6        000000
__Lbank7                    bank7        000000
__Lbank8                    bank8        000000
__Lbank9                    bank9        000000
__Lbigbss                   bigbss       000000
__Lbigdata                  bigdata      000000
__Lbigram                   bigram       000000
__Lbigsfr                   bigsfr       000000
__Lbss                      bss          000000
__LbssBANK0                 bssBANK0     000000
__LbssCOMRAM                bssCOMRAM    000000
__Lcinit                    cinit        000000
__Lclrtext                  clrtext      000000
__Lcomram                   comram       000000
__Lconfig                   config       000000
__Lconst                    const        000000
__LcstackBANK0              cstackBANK0  000000
__LcstackBANK1              cstackBANK1  000000
__LcstackCOMRAM             cstackCOMRAM 000000
__Ldata                     data         000000
__Leeprom_data              eeprom_data  000000
__Lfarbss                   farbss       000000
__Lfardata                  fardata      000000
__Lheap                     heap         000000
__Libigdata                 ibigdata     000000
__Lidata                    idata        000000
__Lidloc                    idloc        000000
__Lifardata                 ifardata     000000
__Linit                     init         0040AE
__Lintsave_regs             intsave_regs 000000
__Lirdata                   irdata       000000
__Livt0x4008                ivt0x4008    004008
__Lmediumconst              mediumconst  000000
__LnvFARRAM                 nvFARRAM     000000
__Lnvbit                    nvbit        000000
__Lnvrram                   nvrram       000000
__Lparam                    rparam       000000
__Lpowerup                  powerup      000000
__Lram                      ram          000000
__Lramtop                   ramtop       002000
__Lrbit                     rbit         000000
__Lrbss                     rbss         000000
__Lrdata                    rdata        000000
__Lreset_vec                reset_vec    000000
__Lrparam                   rparam       000000
__Lsfr                      sfr          000000
__Lsmallconst               smallconst   002000
__Lspace_0                  (abs)        000000
__Lspace_1                  (abs)        000000
__Lspace_2                  (abs)        000000
__Lspace_4                  (abs)        000000
__Lstack                    stack        000000
__Lstruct                   struct       000000
__Ltemp                     temp         000000
__Ltext                     text         000000
__Ltext0                    text0        000000
__Ltext1                    text1        000000
__Ltext10                   text10       000000
__Ltext11                   text11       000000
__Ltext12                   text12       000000
__Ltext13                   text13       000000
__Ltext14                   text14       000000
__Ltext15                   text15       000000
__Ltext16                   text16       000000
__Ltext17                   text17       000000
__Ltext18                   text18       000000
__Ltext19                   text19       000000
__Ltext2                    text2        000000
__Ltext20                   text20       000000
__Ltext21                   text21       000000
__Ltext22                   text22       000000
__Ltext23                   text23       000000
__Ltext24                   text24       000000
__Ltext25                   text25       000000
__Ltext26                   text26       000000
__Ltext27                   text27       000000
__Ltext28                   text28       000000
__Ltext29                   text29       000000
__Ltext3                    text3        000000
__Ltext30                   text30       000000
__Ltext31                   text31       000000
__Ltext32                   text32       000000
__Ltext33                   text33       000000
__Ltext4                    text4        000000
__Ltext5                    text5        000000
__Ltext6                    text6        000000
__Ltext7                    text7        000000
__Ltext8                    text8        000000
__Ltext9                    text9        000000
__S0                        (abs)        006842
__S1                        (abs)        00010C
__S4                        (abs)        000000
__S5                        (abs)        000000
___fladd                    text18       004A5E
___fladd@a                  cstackCOMRAM 000009
___fladd@aexp               cstackCOMRAM 000012
___fladd@b                  cstackCOMRAM 000005
___fladd@bexp               cstackCOMRAM 000013
___fladd@grs                cstackCOMRAM 000014
___fladd@signs              cstackCOMRAM 000011
___fldiv                    text23       00535E
___fldiv@a                  cstackCOMRAM 000009
___fldiv@aexp               cstackCOMRAM 00001D
___fldiv@b                  cstackCOMRAM 000005
___fldiv@bexp               cstackCOMRAM 00001C
___fldiv@grs                cstackCOMRAM 000018
___fldiv@new_exp            cstackCOMRAM 000016
___fldiv@rem                cstackCOMRAM 000011
___fldiv@sign               cstackCOMRAM 000015
___fleq                     text22       00625A
___fleq@ff1                 cstackCOMRAM 000005
___fleq@ff2                 cstackCOMRAM 000009
___flge                     text21       005DE6
___flge@ff1                 cstackCOMRAM 00002C
___flge@ff2                 cstackCOMRAM 000030
___flmul                    text20       004F14
___flmul@a                  cstackCOMRAM 000017
___flmul@aexp               cstackCOMRAM 000020
___flmul@b                  cstackCOMRAM 000013
___flmul@bexp               cstackCOMRAM 000025
___flmul@grs                cstackCOMRAM 000021
___flmul@prod               cstackCOMRAM 000026
___flmul@sign               cstackCOMRAM 00001F
___flmul@temp               cstackCOMRAM 00002A
___flneg                    text19       00672C
___flneg@f1                 cstackCOMRAM 000005
___flsub                    text17       0065A6
___flsub@a                  cstackCOMRAM 000030
___flsub@b                  cstackCOMRAM 00002C
___fltol                    text16       005CE0
___fltol@exp1               cstackCOMRAM 00000E
___fltol@f1                 cstackCOMRAM 000005
___fltol@sign1              cstackCOMRAM 00000D
___fpclassifyf              text15       005EEA
___fpclassifyf@F465         bssCOMRAM    00004A
___fpclassifyf@e            cstackCOMRAM 00000D
___fpclassifyf@u            cstackCOMRAM 00000F
___fpclassifyf@x            cstackCOMRAM 000005
___heap_hi                  (abs)        000000
___heap_lo                  (abs)        000000
___inthi_sp                 stack        000000
___inthi_stack_hi           stack        000000
___inthi_stack_lo           stack        000000
___intlo_sp                 stack        000000
___intlo_stack_hi           stack        000000
___intlo_stack_lo           stack        000000
___param_bank               (abs)        000000
___rparam_used              (abs)        000001
___sp                       stack        000000
___stack_hi                 stack        000000
___stack_lo                 stack        000000
___xxtofl                   text24       005B2C
___xxtofl@arg               cstackCOMRAM 00000F
___xxtofl@exp               cstackCOMRAM 00000E
___xxtofl@sign              cstackCOMRAM 00000D
___xxtofl@val               cstackCOMRAM 000005
__accesstop                 (abs)        000060
__activetblptr              (abs)        000003
__end_of_ADC_Init           text32       0067E0
__end_of_IOCC2_Init         text31       006804
__end_of_IOC_ISR            text33       0063EA
__end_of_LCD_Char           text27       006822
__end_of_LCD_Command        text29       006840
__end_of_LCD_Init           text28       0067B8
__end_of_LCD_String         text26       006376
__end_of_LCD_String_xy      text25       0066F2
__end_of_MSdelay            text30       0065A6
__end_of___fladd            text18       004F14
__end_of___fldiv            text23       0056EE
__end_of___fleq             text22       006304
__end_of___flge             text21       005EEA
__end_of___flmul            text20       00535E
__end_of___flneg            text19       006764
__end_of___flsub            text17       0065EC
__end_of___fltol            text16       005DE6
__end_of___fpclassifyf      text15       005FE8
__end_of___xxtofl           text24       005CE0
__end_of__initialization    cinit        006788
__end_of_efgtoa             text6        004A5E
__end_of_floorf             text14       005B2C
__end_of_fputc              text10       00619C
__end_of_fputs              text9        0066B2
__end_of_labs               text13       00650C
__end_of_main               text0        0060DC
__end_of_memcpy             text12       006672
__end_of_pad                text8        006454
__end_of_putch              text11       006842
__end_of_read_prec_or_width text5        00625A
__end_of_sprintf            text2        006630
__end_of_strcat             text1        0064B6
__end_of_strcpy             text7        00672C
__end_of_vfpfcnvrt          text4        00591A
__end_of_vfprintf           text3        00655C
__initialization            cinit        006764
__mediumconst               smallconst   002000
__pbssBANK0                 bssBANK0     000060
__pbssCOMRAM                bssCOMRAM    00004A
__pcinit                    cinit        006764
__pcstackBANK0              cstackBANK0  0000C2
__pcstackBANK1              cstackBANK1  000100
__pcstackCOMRAM             cstackCOMRAM 000001
__pivt0x4008                ivt0x4008    004008
__psmallconst               smallconst   002000
__ptext0                    text0        005FE8
__ptext1                    text1        006454
__ptext10                   text10       0060DC
__ptext11                   text11       006840
__ptext12                   text12       006630
__ptext13                   text13       0064B6
__ptext14                   text14       00591A
__ptext15                   text15       005EEA
__ptext16                   text16       005CE0
__ptext17                   text17       0065A6
__ptext18                   text18       004A5E
__ptext19                   text19       00672C
__ptext2                    text2        0065EC
__ptext20                   text20       004F14
__ptext21                   text21       005DE6
__ptext22                   text22       00625A
__ptext23                   text23       00535E
__ptext24                   text24       005B2C
__ptext25                   text25       0066B2
__ptext26                   text26       006304
__ptext27                   text27       006804
__ptext28                   text28       00678E
__ptext29                   text29       006822
__ptext3                    text3        00650C
__ptext30                   text30       00655C
__ptext31                   text31       0067E0
__ptext32                   text32       0067B8
__ptext33                   text33       006378
__ptext4                    text4        0056EE
__ptext5                    text5        00619C
__ptext6                    text6        0040B2
__ptext7                    text7        0066F2
__ptext8                    text8        0063EA
__ptext9                    text9        006672
__ramtop                    ramtop       002000
__smallconst                smallconst   002000
_data                       bssBANK0     0000B8
_dbuf                       bssBANK0     000068
_digital                    bssCOMRAM    000052
_efgtoa                     text6        0040B2
_efgtoa$1128                cstackBANK0  0000C8
_flags                      bssCOMRAM    000054
_floorf                     text14       00591A
_fputc                      text10       0060DC
_fputs                      text9        006672
_labs                       text13       0064B6
_main                       text0        005FE8
_memcpy                     text12       006630
_pad                        text8        0063EA
_prec                       bssBANK0     000066
_putch                      text11       006840
_read_prec_or_width         text5        00619C
_sprintf                    text2        0065EC
_strcat                     text1        006454
_strcpy                     text7        0066F2
_vfpfcnvrt                  text4        0056EE
_vfprintf                   text3        00650C
_voltage                    bssCOMRAM    00004E
_width                      bssBANK0     000064
efgtoa@c                    cstackCOMRAM 00003E
efgtoa@d                    cstackBANK0  0000CD
efgtoa@e                    cstackBANK0  0000D1
efgtoa@f                    cstackCOMRAM 00003A
efgtoa@fp                   cstackCOMRAM 000038
efgtoa@g                    cstackBANK0  0000E4
efgtoa@h                    cstackBANK0  0000DB
efgtoa@i                    cstackBANK0  0000D9
efgtoa@l                    cstackBANK0  0000DF
efgtoa@m                    cstackBANK0  0000CF
efgtoa@mode                 cstackBANK0  0000CB
efgtoa@n                    cstackBANK0  0000E8
efgtoa@ne                   cstackBANK0  0000C2
efgtoa@nmode                cstackBANK0  0000CC
efgtoa@ou                   cstackBANK0  0000D5
efgtoa@p                    cstackBANK0  0000C4
efgtoa@pp                   cstackBANK0  0000CA
efgtoa@sign                 cstackBANK0  0000E3
efgtoa@t                    cstackBANK0  0000C6
efgtoa@u                    cstackBANK0  0000EA
efgtoa@w                    cstackBANK0  0000D3
end_of_initialization       cinit        006788
floorf@F521                 bssBANK0     000060
floorf@e                    cstackCOMRAM 00002C
floorf@m                    cstackCOMRAM 000028
floorf@u                    cstackCOMRAM 00002E
floorf@x                    cstackCOMRAM 00001E
fputc@c                     cstackCOMRAM 000005
fputc@fp                    cstackCOMRAM 000007
fputs@c                     cstackCOMRAM 000011
fputs@fp                    cstackCOMRAM 00000F
fputs@i                     cstackCOMRAM 000012
fputs@s                     cstackCOMRAM 00000E
intlevel0                   text         000000
intlevel1                   text         000000
intlevel2                   text         000000
intlevel3                   text         000000
isa$std                     (abs)        000001
isa$xinst                   (abs)        000000
ivt0x4008_base              ivt0x4008    004008
ivt0x4008_undefint          ivt0x4008    0040AC
labs@a                      cstackCOMRAM 000005
memcpy@d                    cstackCOMRAM 00000A
memcpy@d1                   cstackCOMRAM 000005
memcpy@n                    cstackCOMRAM 000007
memcpy@s                    cstackCOMRAM 00000B
memcpy@s1                   cstackCOMRAM 000006
memcpy@tmp                  cstackCOMRAM 000009
pad@buf                     cstackCOMRAM 000016
pad@fp                      cstackCOMRAM 000014
pad@i                       cstackCOMRAM 00001A
pad@p                       cstackCOMRAM 000017
read_prec_or_width@ap       cstackCOMRAM 000006
read_prec_or_width@c        cstackCOMRAM 00000A
read_prec_or_width@fmt      cstackCOMRAM 000005
read_prec_or_width@n        cstackCOMRAM 00000B
sprintf@ap                  cstackBANK1  000100
sprintf@f                   cstackBANK1  000101
sprintf@fmt                 cstackBANK0  0000F9
sprintf@s                   cstackBANK0  0000F8
stackhi                     (abs)        000000
stacklo                     (abs)        000000
start                       init         0040AE
start_initialization        cinit        006764
strcat@dest                 cstackCOMRAM 000005
strcat@i                    cstackCOMRAM 000007
strcat@src                  cstackCOMRAM 000006
strcpy@d                    cstackCOMRAM 000008
strcpy@dest                 cstackCOMRAM 000005
strcpy@src                  cstackCOMRAM 000006
vfpfcnvrt@ap                cstackBANK0  0000F1
vfpfcnvrt@c                 cstackCOMRAM 000045
vfpfcnvrt@convarg           cstackCOMRAM 000041
vfpfcnvrt@cp                cstackCOMRAM 000046
vfpfcnvrt@fmt               cstackBANK0  0000F0
vfpfcnvrt@fp                cstackBANK0  0000EE
vfprintf@ap                 cstackBANK0  0000F6
vfprintf@cfmt               cstackCOMRAM 000047
vfprintf@fmt                cstackBANK0  0000F5
vfprintf@fp                 cstackBANK0  0000F3


MODULE INFORMATION

Module		Function		Class		Link	Load	Size
C:\Program Files\Microchip\xc8\v3.00\pic\sources\c99\common\flge.c
		___flge        		CODE           	5DE6	0000	260

C:\Program Files\Microchip\xc8\v3.00\pic\sources\c99\common\flge.c estimated size: 260

C:\Program Files\Microchip\xc8\v3.00\pic\sources\c99\common\nf_fputc.c
		_fputc         		CODE           	60DC	0000	192

C:\Program Files\Microchip\xc8\v3.00\pic\sources\c99\common\nf_fputc.c estimated size: 192

C:\Program Files\Microchip\xc8\v3.00\pic\sources\c99\common\memcpy.c
		_memcpy        		CODE           	6630	0000	66

C:\Program Files\Microchip\xc8\v3.00\pic\sources\c99\common\memcpy.c estimated size: 66

C:\Program Files\Microchip\xc8\v3.00\pic\sources\c99\common\flneg.c
		___flneg       		CODE           	672C	0000	56

C:\Program Files\Microchip\xc8\v3.00\pic\sources\c99\common\flneg.c estimated size: 56

C:\Program Files\Microchip\xc8\v3.00\pic\sources\c99\common\__fpclassifyf.c
		___fpclassifyf 		CODE           	5EEA	0000	254

C:\Program Files\Microchip\xc8\v3.00\pic\sources\c99\common\__fpclassifyf.c estimated size: 254

C:\Program Files\Microchip\xc8\v3.00\pic\sources\c99\common\nf_sprintf.c
		_sprintf       		CODE           	65EC	0000	68

C:\Program Files\Microchip\xc8\v3.00\pic\sources\c99\common\nf_sprintf.c estimated size: 68

ACD_LCD_main.c
		_LCD_String    		CODE           	6304	0000	114
		_LCD_Init      		CODE           	678E	0000	42
		_IOC_ISR       		CODE           	6378	0000	114
		_LCD_Command   		CODE           	6822	0000	30
		_LCD_String_xy 		CODE           	66B2	0000	64
		_main          		CODE           	5FE8	0000	244
		_LCD_Char      		CODE           	6804	0000	30
		_IOCC2_Init    		CODE           	67E0	0000	36
		_MSdelay       		CODE           	655C	0000	74
		_ADC_Init      		CODE           	67B8	0000	40

ACD_LCD_main.c estimated size: 788

C:\Program Files\Microchip\xc8\v3.00\pic\sources\c99\common\floorf.c
		_floorf        		CODE           	591A	0000	530

C:\Program Files\Microchip\xc8\v3.00\pic\sources\c99\common\floorf.c estimated size: 530

C:\Program Files\Microchip\xc8\v3.00\pic\sources\c99\common\putch.c
		_putch         		CODE           	6840	0000	2

C:\Program Files\Microchip\xc8\v3.00\pic\sources\c99\common\putch.c estimated size: 2

C:\Program Files\Microchip\xc8\v3.00\pic\sources\c99\common\fleq.c
		___fleq        		CODE           	625A	0000	170

C:\Program Files\Microchip\xc8\v3.00\pic\sources\c99\common\fleq.c estimated size: 170

C:\Program Files\Microchip\xc8\v3.00\pic\sources\c99\common\sprcmul.c
		___flmul       		CODE           	4F14	0000	1098

C:\Program Files\Microchip\xc8\v3.00\pic\sources\c99\common\sprcmul.c estimated size: 1098

C:\Program Files\Microchip\xc8\v3.00\pic\sources\c99\common\strcat.c
		_strcat        		CODE           	6454	0000	98

C:\Program Files\Microchip\xc8\v3.00\pic\sources\c99\common\strcat.c estimated size: 98

C:\Program Files\Microchip\xc8\v3.00\pic\sources\c99\common\sprcdiv.c
		___fldiv       		CODE           	535E	0000	912

C:\Program Files\Microchip\xc8\v3.00\pic\sources\c99\common\sprcdiv.c estimated size: 912

shared
		__initialization		CODE           	6764	0000	36

shared estimated size: 36

C:\Program Files\Microchip\xc8\v3.00\pic\sources\c99\common\xxtofl.c
		___xxtofl      		CODE           	5B2C	0000	436

C:\Program Files\Microchip\xc8\v3.00\pic\sources\c99\common\xxtofl.c estimated size: 436

C:\Program Files\Microchip\xc8\v3.00\pic\sources\c99\common\nf_fputs.c
		_fputs         		CODE           	6672	0000	64

C:\Program Files\Microchip\xc8\v3.00\pic\sources\c99\common\nf_fputs.c estimated size: 64

C:\Program Files\Microchip\xc8\v3.00\pic\sources\c99\common\strcpy.c
		_strcpy        		CODE           	66F2	0000	58

C:\Program Files\Microchip\xc8\v3.00\pic\sources\c99\common\strcpy.c estimated size: 58

C:\Program Files\Microchip\xc8\v3.00\pic\sources\c99\common\fltol.c
		___fltol       		CODE           	5CE0	0000	262

C:\Program Files\Microchip\xc8\v3.00\pic\sources\c99\common\fltol.c estimated size: 262

C:\Program Files\Microchip\xc8\v3.00\pic\sources\c99\common\labs.c
		_labs          		CODE           	64B6	0000	86

C:\Program Files\Microchip\xc8\v3.00\pic\sources\c99\common\labs.c estimated size: 86

C:\Program Files\Microchip\xc8\v3.00\pic\sources\c99\common\doprnt.c
		_read_prec_or_width		CODE           	619C	0000	190
		_vfpfcnvrt     		CODE           	56EE	0000	556
		_efgtoa        		CODE           	40B2	0000	2476
		_pad           		CODE           	63EA	0000	106
		_vfprintf      		CODE           	650C	0000	80

C:\Program Files\Microchip\xc8\v3.00\pic\sources\c99\common\doprnt.c estimated size: 3408

C:\Program Files\Microchip\xc8\v3.00\pic\sources\c99\common\sprcadd.c
		___flsub       		CODE           	65A6	0000	70
		___fladd       		CODE           	4A5E	0000	1206

C:\Program Files\Microchip\xc8\v3.00\pic\sources\c99\common\sprcadd.c estimated size: 1276

