Microchip MPLAB XC8 Compiler V3.00

Linker command line:

-W-3 \
  --edf=C:\Program Files\Microchip\xc8\v3.00\pic\dat\20241204225717_en.msgs \
  -pivt0x4008=04008h -cn -h+dist/default/debug\A9_ADC_LCD.X.debug.sym \
  --cmf=dist/default/debug\A9_ADC_LCD.X.debug.cmf -z -Q18F47K42 \
  -oC:\Users\chris\AppData\Local\Temp\xcAs11jg.\driver_tmp_3.o \
  --defsym=__MPLAB_BUILD=1 --fixupoverflow=error \
  -Mdist/default/debug/A9_ADC_LCD.X.debug.map \
  --md=C:\Users\chris\AppData\Local\Temp\xcAs11jg.\driver_tmp_0.dat -E1 \
  -ver=XC8 Compiler -ACODE=00h-01FFFFh -ACONST=00h-01FFFFh \
  -ASMALLCONST=02000h-020FFhx224,012000h-0120FFhx224 \
  -AMEDIUMCONST=02000h-0FFFFh,012000h-01FFFFh -ACOMRAM=01h-05Fh \
  -AABS1=00h-01FFFh -ABIGRAM=01h-01FFFh -ARAM=060h-0FFh,0100h-01FFhx31 \
  -ABANK0=060h-0FFh -ABANK1=0100h-01FFh -ABANK2=0200h-02FFh \
  -ABANK3=0300h-03FFh -ABANK4=0400h-04FFh -ABANK5=0500h-05FFh \
  -ABANK6=0600h-06FFh -ABANK7=0700h-07FFh -ABANK8=0800h-08FFh \
  -ABANK9=0900h-09FFh -ABANK10=0A00h-0AFFh -ABANK11=0B00h-0BFFh \
  -ABANK12=0C00h-0CFFh -ABANK13=0D00h-0DFFh -ABANK14=0E00h-0EFFh \
  -ABANK15=0F00h-0FFFh -ABANK16=01000h-010FFh -ABANK17=01100h-011FFh \
  -ABANK18=01200h-012FFh -ABANK19=01300h-013FFh -ABANK20=01400h-014FFh \
  -ABANK21=01500h-015FFh -ABANK22=01600h-016FFh -ABANK23=01700h-017FFh \
  -ABANK24=01800h-018FFh -ABANK25=01900h-019FFh -ABANK26=01A00h-01AFFh \
  -ABANK27=01B00h-01BFFh -ABANK28=01C00h-01CFFh -ABANK29=01D00h-01DFFh \
  -ABANK30=01E00h-01EFFh -ABANK31=01F00h-01FFFh \
  -ASFR=03800h-038FFhx7,03F00h-03F5Fh,03F60h-03FFFh -ABIGSFR=03800h-03FFFh \
  -ACONFIG=0300000h-0300009h -AIDLOC=0200000h-020000Fh \
  -AEEDATA=0310000h-03103FFh -peeprom_data=EEDATA -preset_vec=00h \
  -ppowerup=CODE,init -pramtop=02000h -psmallconst=SMALLCONST \
  -pmediumconst=MEDIUMCONST -pconst=CONST -AFARRAM=00h-00h \
  -prdata=COMRAM,nvrram=COMRAM,nvbit=COMRAM,rbss=COMRAM,rbit=COMRAM \
  -pfarbss=FARRAM,fardata=FARRAM,nvFARRAM=FARRAM \
  -pintsave_regs=BIGRAM,bigbss=BIGRAM,bigdata=BIGRAM -pbss=RAM \
  -pidata=CODE,irdata=CODE,ibigdata=CODE,ifardata=CODE -prparam=COMRAM \
  C:\Users\chris\AppData\Local\Temp\xcAs11jg.\driver_tmp_14.o \
  dist/default/debug\A9_ADC_LCD.X.debug.o 

Object code version is 3.11

Machine type is 18F47K42



                Name                               Link     Load   Length Selector   Space Scale
C:\Users\chris\AppData\Local\Temp\xcAs11jg.\driver_tmp_14.o
                config                           300000   300000        A        0       4
                init                               40AE     40AE        4     2004       0
                reset_vec                             0        0        4        0       0
dist/default/debug\A9_ADC_LCD.X.debug.o
                config                           300000   300000        A        0       4
                smallconst                         2000     2000       20     1000       0
                ivt0x4008                          4008     4008       A6     2004       0
                text22                             522C     522C       72     148B       0
                text21                             5486     5486       28     148B       0
                text20                             54AE     54AE       24     148B       0
                text19                             52FC     52FC       4A     148B       0
                text18                             54F0     54F0       1E     148B       0
                text17                             545C     545C       2A     148B       0
                text16                             54D2     54D2       1E     148B       0
                text15                             51B8     51B8       72     2004       0
                text14                             5386     5386       40     148B       0
                text13                             40B2     40B2      4B6     2004       0
                text12                             4568     4568      44A     2004       0
                text11                             4E96     4E96      106     2004       0
                text10                             4B76     4B76      1B4     2004       0
                text9                              4F9C     4F9C       C2     2004       0
                text8                              505E     505E       AE     2004       0
                text7                              53FA     53FA       34     148B       0
                text6                              550E     550E        2     148B       0
                text5                              510C     510C       AC     2004       0
                text4                              49B2     49B2      1C4     2004       0
                text3                              5346     5346       40     148B       0
                text2                              53C6     53C6       34     148B       0
                text1                              529E     529E       5E     148B       0
                text0                              4D2A     4D2A      16C     2004       0
                cstackCOMRAM                          1        1       45        1       1
                cstackBANK0                          80       80        4       60       1
                bssBANK0                             60       60       20       60       1
                bssCOMRAM                            46       46       15        1       1
                cinit                              542E     542E       2E     148B       0

TOTAL           Name                               Link     Load   Length     Space
        CLASS   CODE           
                init                               40AE     40AE        4         0
                reset_vec                             0        0        4         0
                ivt0x4008                          4008     4008       A6         0
                text22                             522C     522C       72         0
                text21                             5486     5486       28         0
                text20                             54AE     54AE       24         0
                text19                             52FC     52FC       4A         0
                text18                             54F0     54F0       1E         0
                text17                             545C     545C       2A         0
                text16                             54D2     54D2       1E         0
                text15                             51B8     51B8       72         0
                text14                             5386     5386       40         0
                text13                             40B2     40B2      4B6         0
                text12                             4568     4568      44A         0
                text11                             4E96     4E96      106         0
                text10                             4B76     4B76      1B4         0
                text9                              4F9C     4F9C       C2         0
                text8                              505E     505E       AE         0
                text7                              53FA     53FA       34         0
                text6                              550E     550E        2         0
                text5                              510C     510C       AC         0
                text4                              49B2     49B2      1C4         0
                text3                              5346     5346       40         0
                text2                              53C6     53C6       34         0
                text1                              529E     529E       5E         0
                text0                              4D2A     4D2A      16C         0
                cinit                              542E     542E       2E         0

        CLASS   CONST          

        CLASS   SMALLCONST     
                smallconst                         2000     2000       20         0

        CLASS   MEDIUMCONST    

        CLASS   COMRAM         
                cstackCOMRAM                          1        1       45         1
                bssCOMRAM                            46       46       15         1

        CLASS   ABS1           

        CLASS   BIGRAM         

        CLASS   RAM            

        CLASS   BANK0          
                cstackBANK0                          80       80        4         1
                bssBANK0                             60       60       20         1

        CLASS   BANK1          

        CLASS   BANK2          

        CLASS   BANK3          

        CLASS   BANK4          

        CLASS   BANK5          

        CLASS   BANK6          

        CLASS   BANK7          

        CLASS   BANK8          

        CLASS   BANK9          

        CLASS   BANK10         

        CLASS   BANK11         

        CLASS   BANK12         

        CLASS   BANK13         

        CLASS   BANK14         

        CLASS   BANK15         

        CLASS   BANK16         

        CLASS   BANK17         

        CLASS   BANK18         

        CLASS   BANK19         

        CLASS   BANK20         

        CLASS   BANK21         

        CLASS   BANK22         

        CLASS   BANK23         

        CLASS   BANK24         

        CLASS   BANK25         

        CLASS   BANK26         

        CLASS   BANK27         

        CLASS   BANK28         

        CLASS   BANK29         

        CLASS   BANK30         

        CLASS   BANK31         

        CLASS   SFR            

        CLASS   BIGSFR         

        CLASS   CONFIG         
                config                           300000   300000        A         4

        CLASS   IDLOC          

        CLASS   EEDATA         

        CLASS   FARRAM         

        CLASS   HEAP           

        CLASS   STACK          



SEGMENTS        Name                           Load    Length   Top    Selector   Space  Class

                reset_vec                      000000  000004  000004         0       0  CODE    
                cstackCOMRAM                   000001  00005A  00005B         1       1  COMRAM  
                bssBANK0                       000060  000024  000084        60       1  BANK0   
                smallconst                     002000  000020  002020      1000       0  SMALLCON
                ivt0x4008                      004008  001222  00522A      2004       0  CODE    
                text22                         00522C  0002E4  005510      148B       0  CODE    


UNUSED ADDRESS RANGES

        Name                Unused          Largest block    Delta
        BANK0            000084-0000FF               7C
        BANK1            000100-0001FF              100
        BANK10           000A00-000AFF              100
        BANK11           000B00-000BFF              100
        BANK12           000C00-000CFF              100
        BANK13           000D00-000DFF              100
        BANK14           000E00-000EFF              100
        BANK15           000F00-000FFF              100
        BANK16           001000-0010FF              100
        BANK17           001100-0011FF              100
        BANK18           001200-0012FF              100
        BANK19           001300-0013FF              100
        BANK2            000200-0002FF              100
        BANK20           001400-0014FF              100
        BANK21           001500-0015FF              100
        BANK22           001600-0016FF              100
        BANK23           001700-0017FF              100
        BANK24           001800-0018FF              100
        BANK25           001900-0019FF              100
        BANK26           001A00-001AFF              100
        BANK27           001B00-001BFF              100
        BANK28           001C00-001CFF              100
        BANK29           001D00-001DFF              100
        BANK3            000300-0003FF              100
        BANK30           001E00-001EFF              100
        BANK31           001F00-001FFF              100
        BANK4            000400-0004FF              100
        BANK5            000500-0005FF              100
        BANK6            000600-0006FF              100
        BANK7            000700-0007FF              100
        BANK8            000800-0008FF              100
        BANK9            000900-0009FF              100
        BIGRAM           00005B-00005F                5
                         000084-001FFF             1F7C
        BIGSFR           003800-003FFF              800
        CODE             000004-001FFF             1FFC
                         002020-004007             1FE8
                         00522A-00522B                2
                         005510-01FFFF            1AAF0
        COMRAM           00005B-00005F                5
        CONST            000004-001FFF             1FFC
                         002020-004007             1FE8
                         00522A-00522B                2
                         005510-01FFFF            1AAF0
        EEDATA           310000-3103FF              400
        IDLOC            200000-20000F               10
        MEDIUMCONST      002020-004007             1FE8
                         00522A-00522B                2
                         005510-00FFFF             AAF0
                         012000-01FFFF             E000
        RAM              000084-001FFF              100
        SFR              003800-003FFF              100
        SMALLCONST       002020-004007              100
                         00522A-00522B                2
                         005510-00FFFF              100
                         012000-01FFFF              100

                                  Symbol Table

?___awdiv                cstackCOMRAM 000005
?___awmod                cstackCOMRAM 000005
?___fladd                cstackCOMRAM 00002C
?___flmul                cstackCOMRAM 000013
?___fltol                cstackCOMRAM 00003C
?___xxtofl               cstackCOMRAM 000005
?_abs                    cstackCOMRAM 00000B
?_sprintf                cstackCOMRAM 00001E
?_vfprintf               cstackCOMRAM 00001A
IOC_ISR@i                cstackCOMRAM 000003
IVTBASEH                 (abs)        003FD6
IVTBASEL                 (abs)        003FD5
IVTBASEU                 (abs)        003FD7
LCD_Char@dat             cstackCOMRAM 00000B
LCD_Command@cmd          cstackCOMRAM 00000B
LCD_String@msg           cstackCOMRAM 00000C
LCD_String_xy@location   cstackCOMRAM 000012
LCD_String_xy@msg        cstackCOMRAM 00000F
LCD_String_xy@pos        cstackCOMRAM 00000E
LCD_String_xy@row        cstackCOMRAM 000011
MSdelay@i                cstackCOMRAM 000007
MSdelay@j                cstackCOMRAM 000009
MSdelay@val              cstackCOMRAM 000005
_ADACQH                  (abs)        003EF4
_ADACQL                  (abs)        003EF3
_ADCLK                   (abs)        003EFF
_ADCON0bits              (abs)        003EF8
_ADC_Init                text21       005486
_ADPCH                   (abs)        003EF1
_ADPREH                  (abs)        003EF7
_ADPREL                  (abs)        003EF6
_ADRESH                  (abs)        003EF0
_ADRESL                  (abs)        003EEF
_ANSELAbits              (abs)        003A40
_ANSELCbits              (abs)        003A60
_INTCON0bits             (abs)        003FD2
_IOCC2_Init              text20       0054AE
_IOCCFbits               (abs)        003A67
_IOCCNbits               (abs)        003A66
_IOCCPbits               (abs)        003A65
_IOC_ISR                 text22       00522C
_IVTBASEH                (abs)        003FD6
_IVTBASEL                (abs)        003FD5
_IVTBASEU                (abs)        003FD7
_LATB                    (abs)        003FBB
_LATCbits                (abs)        003FBC
_LATD0                   (abs)        01FDE8
_LATD1                   (abs)        01FDE9
_LCD_Char                text16       0054D2
_LCD_Command             text18       0054F0
_LCD_Init                text17       00545C
_LCD_String              text15       0051B8
_LCD_String_xy           text14       005386
_MSdelay                 text19       0052FC
_PIE0bits                (abs)        003990
_PIR0bits                (abs)        0039A0
_TRISAbits               (abs)        003FC2
_TRISB                   (abs)        003FC3
_TRISCbits               (abs)        003FC4
_TRISD                   (abs)        003FC5
_WPUCbits                (abs)        003A61
__HRAM                   (abs)        000000
__H__absolute__          __absolute__ 000000
__Habs1                  abs1         000000
__Hbank0                 bank0        000000
__Hbank1                 bank1        000000
__Hbank10                bank10       000000
__Hbank11                bank11       000000
__Hbank12                bank12       000000
__Hbank13                bank13       000000
__Hbank14                bank14       000000
__Hbank15                bank15       000000
__Hbank16                bank16       000000
__Hbank17                bank17       000000
__Hbank18                bank18       000000
__Hbank19                bank19       000000
__Hbank2                 bank2        000000
__Hbank20                bank20       000000
__Hbank21                bank21       000000
__Hbank22                bank22       000000
__Hbank23                bank23       000000
__Hbank24                bank24       000000
__Hbank25                bank25       000000
__Hbank26                bank26       000000
__Hbank27                bank27       000000
__Hbank28                bank28       000000
__Hbank29                bank29       000000
__Hbank3                 bank3        000000
__Hbank30                bank30       000000
__Hbank31                bank31       000000
__Hbank4                 bank4        000000
__Hbank5                 bank5        000000
__Hbank6                 bank6        000000
__Hbank7                 bank7        000000
__Hbank8                 bank8        000000
__Hbank9                 bank9        000000
__Hbigbss                bigbss       000000
__Hbigdata               bigdata      000000
__Hbigram                bigram       000000
__Hbigsfr                bigsfr       000000
__Hbss                   bss          000000
__HbssBANK0              bssBANK0     000000
__HbssCOMRAM             bssCOMRAM    000000
__Hcinit                 cinit        000000
__Hclrtext               clrtext      000000
__Hcomram                comram       000000
__Hconfig                config       30000A
__Hconst                 const        000000
__HcstackBANK0           cstackBANK0  000000
__HcstackCOMRAM          cstackCOMRAM 000000
__Hdata                  data         000000
__Heeprom_data           eeprom_data  000000
__Hfarbss                farbss       000000
__Hfardata               fardata      000000
__Hheap                  heap         000000
__Hibigdata              ibigdata     000000
__Hidata                 idata        000000
__Hidloc                 idloc        000000
__Hifardata              ifardata     000000
__Hinit                  init         0040B2
__Hintsave_regs          intsave_regs 000000
__Hirdata                irdata       000000
__Hivt0x4008             ivt0x4008    0040AE
__Hmediumconst           mediumconst  000000
__HnvFARRAM              nvFARRAM     000000
__Hnvbit                 nvbit        000000
__Hnvrram                nvrram       000000
__Hparam                 rparam       000000
__Hpowerup               powerup      000000
__Hram                   ram          000000
__Hramtop                ramtop       002000
__Hrbit                  rbit         000000
__Hrbss                  rbss         000000
__Hrdata                 rdata        000000
__Hreset_vec             reset_vec    000004
__Hrparam                rparam       000000
__Hsfr                   sfr          000000
__Hsmallconst            smallconst   002020
__Hspace_0               (abs)        005510
__Hspace_1               (abs)        000084
__Hspace_2               (abs)        000000
__Hspace_4               (abs)        60000A
__Hstack                 stack        000000
__Hstruct                struct       000000
__Htemp                  temp         000000
__Htext                  text         000000
__Htext0                 text0        000000
__Htext1                 text1        000000
__Htext10                text10       000000
__Htext11                text11       000000
__Htext12                text12       000000
__Htext13                text13       000000
__Htext14                text14       000000
__Htext15                text15       000000
__Htext16                text16       000000
__Htext17                text17       000000
__Htext18                text18       000000
__Htext19                text19       000000
__Htext2                 text2        000000
__Htext20                text20       000000
__Htext21                text21       000000
__Htext22                text22       000000
__Htext3                 text3        000000
__Htext4                 text4        000000
__Htext5                 text5        000000
__Htext6                 text6        000000
__Htext7                 text7        000000
__Htext8                 text8        000000
__Htext9                 text9        000000
__LRAM                   (abs)        000001
__L__absolute__          __absolute__ 000000
__Labs1                  abs1         000000
__Lbank0                 bank0        000000
__Lbank1                 bank1        000000
__Lbank10                bank10       000000
__Lbank11                bank11       000000
__Lbank12                bank12       000000
__Lbank13                bank13       000000
__Lbank14                bank14       000000
__Lbank15                bank15       000000
__Lbank16                bank16       000000
__Lbank17                bank17       000000
__Lbank18                bank18       000000
__Lbank19                bank19       000000
__Lbank2                 bank2        000000
__Lbank20                bank20       000000
__Lbank21                bank21       000000
__Lbank22                bank22       000000
__Lbank23                bank23       000000
__Lbank24                bank24       000000
__Lbank25                bank25       000000
__Lbank26                bank26       000000
__Lbank27                bank27       000000
__Lbank28                bank28       000000
__Lbank29                bank29       000000
__Lbank3                 bank3        000000
__Lbank30                bank30       000000
__Lbank31                bank31       000000
__Lbank4                 bank4        000000
__Lbank5                 bank5        000000
__Lbank6                 bank6        000000
__Lbank7                 bank7        000000
__Lbank8                 bank8        000000
__Lbank9                 bank9        000000
__Lbigbss                bigbss       000000
__Lbigdata               bigdata      000000
__Lbigram                bigram       000000
__Lbigsfr                bigsfr       000000
__Lbss                   bss          000000
__LbssBANK0              bssBANK0     000000
__LbssCOMRAM             bssCOMRAM    000000
__Lcinit                 cinit        000000
__Lclrtext               clrtext      000000
__Lcomram                comram       000000
__Lconfig                config       000000
__Lconst                 const        000000
__LcstackBANK0           cstackBANK0  000000
__LcstackCOMRAM          cstackCOMRAM 000000
__Ldata                  data         000000
__Leeprom_data           eeprom_data  000000
__Lfarbss                farbss       000000
__Lfardata               fardata      000000
__Lheap                  heap         000000
__Libigdata              ibigdata     000000
__Lidata                 idata        000000
__Lidloc                 idloc        000000
__Lifardata              ifardata     000000
__Linit                  init         0040AE
__Lintsave_regs          intsave_regs 000000
__Lirdata                irdata       000000
__Livt0x4008             ivt0x4008    004008
__Lmediumconst           mediumconst  000000
__LnvFARRAM              nvFARRAM     000000
__Lnvbit                 nvbit        000000
__Lnvrram                nvrram       000000
__Lparam                 rparam       000000
__Lpowerup               powerup      000000
__Lram                   ram          000000
__Lramtop                ramtop       002000
__Lrbit                  rbit         000000
__Lrbss                  rbss         000000
__Lrdata                 rdata        000000
__Lreset_vec             reset_vec    000000
__Lrparam                rparam       000000
__Lsfr                   sfr          000000
__Lsmallconst            smallconst   002000
__Lspace_0               (abs)        000000
__Lspace_1               (abs)        000000
__Lspace_2               (abs)        000000
__Lspace_4               (abs)        000000
__Lstack                 stack        000000
__Lstruct                struct       000000
__Ltemp                  temp         000000
__Ltext                  text         000000
__Ltext0                 text0        000000
__Ltext1                 text1        000000
__Ltext10                text10       000000
__Ltext11                text11       000000
__Ltext12                text12       000000
__Ltext13                text13       000000
__Ltext14                text14       000000
__Ltext15                text15       000000
__Ltext16                text16       000000
__Ltext17                text17       000000
__Ltext18                text18       000000
__Ltext19                text19       000000
__Ltext2                 text2        000000
__Ltext20                text20       000000
__Ltext21                text21       000000
__Ltext22                text22       000000
__Ltext3                 text3        000000
__Ltext4                 text4        000000
__Ltext5                 text5        000000
__Ltext6                 text6        000000
__Ltext7                 text7        000000
__Ltext8                 text8        000000
__Ltext9                 text9        000000
__S0                     (abs)        005510
__S1                     (abs)        000084
__S4                     (abs)        000000
__S5                     (abs)        000000
___awdiv                 text9        004F9C
___awdiv@counter         cstackCOMRAM 000009
___awdiv@dividend        cstackCOMRAM 000005
___awdiv@divisor         cstackCOMRAM 000007
___awdiv@quotient        cstackCOMRAM 00000B
___awdiv@sign            cstackCOMRAM 00000A
___awmod                 text8        00505E
___awmod@counter         cstackCOMRAM 000009
___awmod@dividend        cstackCOMRAM 000005
___awmod@divisor         cstackCOMRAM 000007
___awmod@sign            cstackCOMRAM 00000A
___fladd                 text13       0040B2
___fladd@a               cstackCOMRAM 000030
___fladd@aexp            cstackCOMRAM 000039
___fladd@b               cstackCOMRAM 00002C
___fladd@bexp            cstackCOMRAM 00003A
___fladd@grs             cstackCOMRAM 00003B
___fladd@signs           cstackCOMRAM 000038
___flmul                 text12       004568
___flmul@a               cstackCOMRAM 000017
___flmul@aexp            cstackCOMRAM 000020
___flmul@b               cstackCOMRAM 000013
___flmul@bexp            cstackCOMRAM 000025
___flmul@grs             cstackCOMRAM 000021
___flmul@prod            cstackCOMRAM 000026
___flmul@sign            cstackCOMRAM 00001F
___flmul@temp            cstackCOMRAM 00002A
___fltol                 text11       004E96
___fltol@exp1            cstackCOMRAM 000045
___fltol@f1              cstackCOMRAM 00003C
___fltol@sign1           cstackCOMRAM 000044
___heap_hi               (abs)        000000
___heap_lo               (abs)        000000
___inthi_sp              stack        000000
___inthi_stack_hi        stack        000000
___inthi_stack_lo        stack        000000
___intlo_sp              stack        000000
___intlo_stack_hi        stack        000000
___intlo_stack_lo        stack        000000
___param_bank            (abs)        000000
___rparam_used           (abs)        000001
___sp                    stack        000000
___stack_hi              stack        000000
___stack_lo              stack        000000
___xxtofl                text10       004B76
___xxtofl@arg            cstackCOMRAM 00000F
___xxtofl@exp            cstackCOMRAM 00000E
___xxtofl@sign           cstackCOMRAM 00000D
___xxtofl@val            cstackCOMRAM 000005
__accesstop              (abs)        000060
__activetblptr           (abs)        000002
__end_of_ADC_Init        text21       0054AE
__end_of_IOCC2_Init      text20       0054D2
__end_of_IOC_ISR         text22       00529E
__end_of_LCD_Char        text16       0054F0
__end_of_LCD_Command     text18       00550E
__end_of_LCD_Init        text17       005486
__end_of_LCD_String      text15       00522A
__end_of_LCD_String_xy   text14       0053C6
__end_of_MSdelay         text19       005346
__end_of___awdiv         text9        00505E
__end_of___awmod         text8        00510C
__end_of___fladd         text13       004568
__end_of___flmul         text12       0049B2
__end_of___fltol         text11       004F9C
__end_of___xxtofl        text10       004D2A
__end_of__initialization cinit        005452
__end_of_abs             text7        00542E
__end_of_fputc           text5        0051B8
__end_of_main            text0        004E96
__end_of_putch           text6        005510
__end_of_sprintf         text2        0053FA
__end_of_strcat          text1        0052FC
__end_of_vfpfcnvrt       text4        004B76
__end_of_vfprintf        text3        005386
__initialization         cinit        00542E
__mediumconst            smallconst   002000
__pbssBANK0              bssBANK0     000060
__pbssCOMRAM             bssCOMRAM    000046
__pcinit                 cinit        00542E
__pcstackBANK0           cstackBANK0  000080
__pcstackCOMRAM          cstackCOMRAM 000001
__pivt0x4008             ivt0x4008    004008
__psmallconst            smallconst   002000
__ptext0                 text0        004D2A
__ptext1                 text1        00529E
__ptext10                text10       004B76
__ptext11                text11       004E96
__ptext12                text12       004568
__ptext13                text13       0040B2
__ptext14                text14       005386
__ptext15                text15       0051B8
__ptext16                text16       0054D2
__ptext17                text17       00545C
__ptext18                text18       0054F0
__ptext19                text19       0052FC
__ptext2                 text2        0053C6
__ptext20                text20       0054AE
__ptext21                text21       005486
__ptext22                text22       00522C
__ptext3                 text3        005346
__ptext4                 text4        0049B2
__ptext5                 text5        00510C
__ptext6                 text6        00550E
__ptext7                 text7        0053FA
__ptext8                 text8        00505E
__ptext9                 text9        004F9C
__ramtop                 ramtop       002000
__smallconst             smallconst   002000
_abs                     text7        0053FA
_data                    bssCOMRAM    00004D
_dbuf                    bssBANK0     000060
_digital                 bssCOMRAM    00004A
_flags                   bssCOMRAM    00004C
_fputc                   text5        00510C
_main                    text0        004D2A
_prec                    bssCOMRAM    000048
_putch                   text6        00550E
_sprintf                 text2        0053C6
_strcat                  text1        00529E
_vfpfcnvrt               text4        0049B2
_vfprintf                text3        005346
_voltage                 bssCOMRAM    000057
_width                   bssCOMRAM    000046
abs@a                    cstackCOMRAM 00000B
end_of_initialization    cinit        005452
fputc@c                  cstackCOMRAM 000005
fputc@fp                 cstackCOMRAM 000007
intlevel0                text         000000
intlevel1                text         000000
intlevel2                text         000000
intlevel3                text         000000
isa$std                  (abs)        000001
isa$xinst                (abs)        000000
ivt0x4008_base           ivt0x4008    004008
ivt0x4008_undefint       ivt0x4008    0040AC
main@lux                 cstackBANK0  000082
sprintf@ap               cstackCOMRAM 000022
sprintf@f                cstackCOMRAM 000023
sprintf@fmt              cstackCOMRAM 00001F
sprintf@s                cstackCOMRAM 00001E
stackhi                  (abs)        000000
stacklo                  (abs)        000000
start                    init         0040AE
start_initialization     cinit        00542E
strcat@dest              cstackCOMRAM 000005
strcat@i                 cstackCOMRAM 000007
strcat@src               cstackCOMRAM 000006
vfpfcnvrt@ap             cstackCOMRAM 000011
vfpfcnvrt@c              cstackCOMRAM 000019
vfpfcnvrt@convarg        cstackCOMRAM 000015
vfpfcnvrt@cp             cstackCOMRAM 000014
vfpfcnvrt@done           cstackCOMRAM 000013
vfpfcnvrt@fmt            cstackCOMRAM 000010
vfpfcnvrt@fp             cstackCOMRAM 00000F
vfprintf@ap              cstackCOMRAM 00001C
vfprintf@cfmt            cstackCOMRAM 00001D
vfprintf@fmt             cstackCOMRAM 00001B
vfprintf@fp              cstackCOMRAM 00001A


MODULE INFORMATION

Module		Function		Class		Link	Load	Size
C:\Program Files\Microchip\xc8\v3.00\pic\sources\c99\common\abs.c
		_abs           		CODE           	53FA	0000	52

C:\Program Files\Microchip\xc8\v3.00\pic\sources\c99\common\abs.c estimated size: 52

C:\Program Files\Microchip\xc8\v3.00\pic\sources\c99\common\nf_fputc.c
		_fputc         		CODE           	510C	0000	172

C:\Program Files\Microchip\xc8\v3.00\pic\sources\c99\common\nf_fputc.c estimated size: 172

C:\Program Files\Microchip\xc8\v3.00\pic\sources\c99\common\nf_sprintf.c
		_sprintf       		CODE           	53C6	0000	52

C:\Program Files\Microchip\xc8\v3.00\pic\sources\c99\common\nf_sprintf.c estimated size: 52

ACD_LCD_main.c
		_LCD_String    		CODE           	51B8	0000	114
		_LCD_Init      		CODE           	545C	0000	42
		_IOC_ISR       		CODE           	522C	0000	114
		_LCD_Command   		CODE           	54F0	0000	30
		_LCD_String_xy 		CODE           	5386	0000	64
		_main          		CODE           	4D2A	0000	364
		_LCD_Char      		CODE           	54D2	0000	30
		_IOCC2_Init    		CODE           	54AE	0000	36
		_MSdelay       		CODE           	52FC	0000	74
		_ADC_Init      		CODE           	5486	0000	40

ACD_LCD_main.c estimated size: 908

C:\Program Files\Microchip\xc8\v3.00\pic\sources\c99\common\awmod.c
		___awmod       		CODE           	505E	0000	174

C:\Program Files\Microchip\xc8\v3.00\pic\sources\c99\common\awmod.c estimated size: 174

C:\Program Files\Microchip\xc8\v3.00\pic\sources\c99\common\putch.c
		_putch         		CODE           	550E	0000	2

C:\Program Files\Microchip\xc8\v3.00\pic\sources\c99\common\putch.c estimated size: 2

C:\Program Files\Microchip\xc8\v3.00\pic\sources\c99\common\sprcmul.c
		___flmul       		CODE           	4568	0000	1098

C:\Program Files\Microchip\xc8\v3.00\pic\sources\c99\common\sprcmul.c estimated size: 1098

C:\Program Files\Microchip\xc8\v3.00\pic\sources\c99\common\strcat.c
		_strcat        		CODE           	529E	0000	94

C:\Program Files\Microchip\xc8\v3.00\pic\sources\c99\common\strcat.c estimated size: 94

shared
		__initialization		CODE           	542E	0000	36

shared estimated size: 36

C:\Program Files\Microchip\xc8\v3.00\pic\sources\c99\common\xxtofl.c
		___xxtofl      		CODE           	4B76	0000	436

C:\Program Files\Microchip\xc8\v3.00\pic\sources\c99\common\xxtofl.c estimated size: 436

C:\Program Files\Microchip\xc8\v3.00\pic\sources\c99\common\awdiv.c
		___awdiv       		CODE           	4F9C	0000	194

C:\Program Files\Microchip\xc8\v3.00\pic\sources\c99\common\awdiv.c estimated size: 194

C:\Program Files\Microchip\xc8\v3.00\pic\sources\c99\common\fltol.c
		___fltol       		CODE           	4E96	0000	262

C:\Program Files\Microchip\xc8\v3.00\pic\sources\c99\common\fltol.c estimated size: 262

C:\Program Files\Microchip\xc8\v3.00\pic\sources\c99\common\doprnt.c
		_vfpfcnvrt     		CODE           	49B2	0000	452
		_vfprintf      		CODE           	5346	0000	64

C:\Program Files\Microchip\xc8\v3.00\pic\sources\c99\common\doprnt.c estimated size: 516

C:\Program Files\Microchip\xc8\v3.00\pic\sources\c99\common\sprcadd.c
		___fladd       		CODE           	40B2	0000	1206

C:\Program Files\Microchip\xc8\v3.00\pic\sources\c99\common\sprcadd.c estimated size: 1206

